[33mΓ¥»[39m Building...
[32mΓ£ö[39m Building...
Application bundle generation failed. [12.261 seconds] - 2026-03-10T23:20:25.800Z

node.exe : 
[1m[33m[33mΓû▓ [43
;33m[[43;30mWARNING[
43;33m][0m 
[1mNG8107: NG8107: 
The left side of this 
optional chain 
operation does not 
include 'null' or 
'undefined' in its 
type, therefore the 
'?.' operator can be 
replaced with the '.' 
operator. Find more 
at https://v21.angular
.dev/extended-diagnost
ics/NG8107[0m 
[1m[35m[plugin 
angular-compiler][0m
At line:1 char:1
+ & "D:\Program Files\
nodejs/node.exe" 
"D:\Program 
Files\nodejs/node_mo 
...
+ ~~~~~~~~~~~~~~~~~~~~
~~~~~~~~~~~~~~~~~~~~~~
~~~~~~~~~~~~~~~~~~~~~~
~~~~~
    + CategoryInfo    
          : NotSpeci  
  fied: ([1m[33m   
 [33mΓ...r-compile    
r][0m:String) []    
, RemoteException
    + FullyQualifiedE 
   rrorId : NativeCo  
  mmandError
 

    src/app/features/e
xplore/explore-page/ex
plore-page.html:98:85:
[37m      98 Γöé ... 
<div class="post-media
-container" *ngIf="pos
t.mediaUrls?.[32mleng
th[37m">
         Γò╡          
                      
                      
        
[32m~~~~~~[0m

  Warning occurs in 
the template of 
component ExplorePage.

    src/app/features/e
xplore/explore-page/ex
plore-page.ts:17:17:
[37m      17 Γöé     
templateUrl: [32m'./e
xplore-page.html'[37m
,
         Γò╡          
        [32m~~~~~~~~~
~~~~~~~~~~~~[0m


[33mΓû▓ [43;33m[[43
;30mWARNING[43;33m][
0m [1mNG8107: 
NG8107: The left side 
of this optional 
chain operation does 
not include 'null' or 
'undefined' in its 
type, therefore the 
'?.' operator can be 
replaced with the '.' 
operator. Find more 
at https://v21.angular
.dev/extended-diagnost
ics/NG8107[0m 
[1m[35m[plugin 
angular-compiler][0m

    src/app/features/f
eed/feed-page/feed-pag
e.html:234:81:
[37m      234 Γöé 
...                 
<img *ngIf="post.origi
nalPost.mediaUrls?.[3
2mlength[37m"
          Γò╡         
                      
                      
         
[32m~~~~~~[0m

  Warning occurs in 
the template of 
component FeedPage.

    src/app/features/f
eed/feed-page/feed-pag
e.ts:24:15:
[37m      24 Γöé   
templateUrl: [32m'./f
eed-page.html'[37m,
         Γò╡          
      [32m~~~~~~~~~~~
~~~~~~~[0m


[33mΓû▓ [43;33m[[43
;30mWARNING[43;33m][
0m [1mNG8107: 
NG8107: The left side 
of this optional 
chain operation does 
not include 'null' or 
'undefined' in its 
type, therefore the 
'?.' operator can be 
replaced with the '.' 
operator. Find more 
at https://v21.angular
.dev/extended-diagnost
ics/NG8107[0m 
[1m[35m[plugin 
angular-compiler][0m

    src/app/features/f
eed/feed-page/feed-pag
e.html:436:70:
[37m      436 Γöé ...
="value">{{(analyticsO
verview?.[32mtotalVie
ws[37m || 0) | 
number}}</span>
          Γò╡         
                      
    
[32m~~~~~~~~~~[0m

  Warning occurs in 
the template of 
component FeedPage.

    src/app/features/f
eed/feed-page/feed-pag
e.ts:24:15:
[37m      24 Γöé   
templateUrl: [32m'./f
eed-page.html'[37m,
         Γò╡          
      [32m~~~~~~~~~~~
~~~~~~~[0m


[33mΓû▓ [43;33m[[43
;30mWARNING[43;33m][
0m [1mNG8107: 
NG8107: The left side 
of this optional 
chain operation does 
not include 'null' or 
'undefined' in its 
type, therefore the 
'?.' operator can be 
replaced with the '.' 
operator. Find more 
at https://v21.angular
.dev/extended-diagnost
ics/NG8107[0m 
[1m[35m[plugin 
angular-compiler][0m

    src/app/features/f
eed/feed-page/feed-pag
e.html:442:70:
[37m      442 Γöé ...
="value">{{(analyticsO
verview?.[32mtotalLik
es[37m || 0) | 
number}}</span>
          Γò╡         
                      
    
[32m~~~~~~~~~~[0m

  Warning occurs in 
the template of 
component FeedPage.

    src/app/features/f
eed/feed-page/feed-pag
e.ts:24:15:
[37m      24 Γöé   
templateUrl: [32m'./f
eed-page.html'[37m,
         Γò╡          
      [32m~~~~~~~~~~~
~~~~~~~[0m


[33mΓû▓ [43;33m[[43
;30mWARNING[43;33m][
0m [1mNG8107: 
NG8107: The left side 
of this optional 
chain operation does 
not include 'null' or 
'undefined' in its 
type, therefore the 
'?.' operator can be 
replaced with the '.' 
operator. Find more 
at https://v21.angular
.dev/extended-diagnost
ics/NG8107[0m 
[1m[35m[plugin 
angular-compiler][0m

    src/app/features/f
eed/feed-page/feed-pag
e.html:448:70:
[37m      448 Γöé ...
"value">{{(analyticsOv
erview?.[32mtotalShar
es[37m || 0) | 
number}}</span>
          Γò╡         
                      
   
[32m~~~~~~~~~~~[0m

  Warning occurs in 
the template of 
component FeedPage.

    src/app/features/f
eed/feed-page/feed-pag
e.ts:24:15:
[37m      24 Γöé   
templateUrl: [32m'./f
eed-page.html'[37m,
         Γò╡          
      [32m~~~~~~~~~~~
~~~~~~~[0m


[33mΓû▓ [43;33m[[43
;30mWARNING[43;33m][
0m [1mNG8107: 
NG8107: The left side 
of this optional 
chain operation does 
not include 'null' or 
'undefined' in its 
type, therefore the 
'?.' operator can be 
replaced with the '.' 
operator. Find more 
at https://v21.angular
.dev/extended-diagnost
ics/NG8107[0m 
[1m[35m[plugin 
angular-compiler][0m

    src/app/features/f
eed/feed-page/feed-pag
e.html:454:70:
[37m      454 Γöé ...
alue">{{(analyticsOver
view?.[32mtotalCommen
ts[37m || 0) | 
number}}</span>
          Γò╡         
                      
 
[32m~~~~~~~~~~~~~[0m

  Warning occurs in 
the template of 
component FeedPage.

    src/app/features/f
eed/feed-page/feed-pag
e.ts:24:15:
[37m      24 Γöé   
templateUrl: [32m'./f
eed-page.html'[37m,
         Γò╡          
      [32m~~~~~~~~~~~
~~~~~~~[0m


[33mΓû▓ [43;33m[[43
;30mWARNING[43;33m][
0m [1mNG8113: 
BottomNav is not used 
within the template 
of FeedPage[0m 
[1m[35m[plugin 
angular-compiler][0m

    src/app/features/f
eed/feed-page/feed-pag
e.ts:23:105:
[37m      23 Γöé 
...debar, 
FormsModule, 
StoriesFeed, 
HashtagTextComponent, 
[32mBottomNav[37m],
         Γò╡          
                      
                      
     
[32m~~~~~~~~~[0m


[33mΓû▓ [43;33m[[43
;30mWARNING[43;33m][
0m [1mNG8113: 
BottomNav is not used 
within the template 
of 
NotificationsPage[0m 
[1m[35m[plugin 
angular-compiler][0m

    src/app/features/n
otifications/notificat
ions-page/notification
s-page.ts:15:57:
[37m      15 Γöé   
imports: 
[CommonModule, 
Navbar, Sidebar, 
RouterModule, 
[32mBottomNav[37m],
         Γò╡          
                      
                      
    [32m~~~~~~~~~[0m


[33mΓû▓ [43;33m[[43
;30mWARNING[43;33m][
0m [1mNG8113: 
BottomNav is not used 
within the template 
of ProfilePage[0m 
[1m[35m[plugin 
angular-compiler][0m

    src/app/features/p
rofile/profile-page/pr
ofile-page.ts:22:94:
[37m      22 Γöé 
..., RouterModule, 
Navbar, Sidebar, 
HashtagTextComponent, 
[32mBottomNav[37m],
         Γò╡          
                      
                      
     
[32m~~~~~~~~~[0m


[33mΓû▓ [43;33m[[43
;30mWARNING[43;33m][
0m [1mNG8107: 
NG8107: The left side 
of this optional 
chain operation does 
not include 'null' or 
'undefined' in its 
type, therefore the 
'?.' operator can be 
replaced with the '.' 
operator. Find more 
at https://v21.angular
.dev/extended-diagnost
ics/NG8107[0m 
[1m[35m[plugin 
angular-compiler][0m

    src/app/features/s
tories/stories-feed/st
ories-feed.html:142:66
:
[37m      142 Γöé ...
]="activeStoryToView.m
ediaUrl?.[32msplit[3
7m('.')?.pop()?.toLowe
rCase()">
          Γò╡         
                      
    [32m~~~~~[0m

  Warning occurs in 
the template of 
component StoriesFeed.

    src/app/features/s
tories/stories-feed/st
ories-feed.ts:13:15:
[37m      13 Γöé   
templateUrl: [32m'./s
tories-feed.html'[37m
,
         Γò╡          
      [32m~~~~~~~~~~~
~~~~~~~~~~[0m

[39m[22m
[1m[31m[31mX [41;3
1m[[41;97mERROR[41;3
1m][0m [1mNG5002: 
Can't have multiple 
template bindings on 
one element. Use only 
one attribute 
prefixed with *[0m 
[1m[35m[plugin 
angular-compiler][0m

    src/app/features/f
eed/feed-page/feed-pag
e.html:248:77:
[37m      248 Γöé 
... *ngFor="let post 
of posts" [32m*ngIf="
post.ctaLabel && 
post.ctaUrl"[37m>
          Γò╡         
                      
 [32m~~~~~~~~~~~~~~~~
~~~~~~~~~~~~~~~~~~~~[
0m

  Error occurs in the 
template of component 
FeedPage.

    src/app/features/f
eed/feed-page/feed-pag
e.ts:24:15:
[37m      24 Γöé   
templateUrl: [32m'./f
eed-page.html'[37m,
         Γò╡          
      [32m~~~~~~~~~~~
~~~~~~~[0m

[39m[22m
